TAP version 13
# Subtest: adds item
ok 1 - adds item
  ---
  duration_ms: 0.480959
  type: 'test'
  ...
# Subtest: computes total
not ok 2 - computes total
  ---
  duration_ms: 0.525334
  type: 'test'
  location: '/home/ci/shop/shop.test.mjs:4:1'
  failureType: 'testCodeFailure'
  error: |-
    Expected values to be strictly equal:
    
    90 !== 85
    
  code: 'ERR_ASSERTION'
  name: 'AssertionError'
  expected: 85
  actual: 90
  operator: 'strictEqual'
  stack: |-
    TestContext.<anonymous> (file:///home/ci/shop/shop.test.mjs:4:39)
    Test.runInAsyncScope (node:async_hooks:226:14)
    Test.run (node:internal/test_runner/test:1201:25)
    Test.processPendingSubtests (node:internal/test_runner/test:831:18)
    Test.postRun (node:internal/test_runner/test:1330:19)
    Test.run (node:internal/test_runner/test:1258:12)
    async startSubtestAfterBootstrap (node:internal/test_runner/harness:385:3)
  ...
# Subtest: refund
ok 3 - refund # SKIP sandbox offline
  ---
  duration_ms: 0.035375
  type: 'test'
  ...
# Subtest: rounding
not ok 4 - rounding # TODO known bug
  ---
  duration_ms: 6.581792
  type: 'test'
  location: '/home/ci/shop/shop.test.mjs:6:1'
  failureType: 'testCodeFailure'
  error: |-
    The expression evaluated to a falsy value:
    
      assert.ok(false)
    
  code: 'ERR_ASSERTION'
  name: 'AssertionError'
  expected: true
  actual: false
  operator: '=='
  stack: |-
    TestContext.<anonymous> (file:///home/ci/shop/shop.test.mjs:6:56)
    Test.runInAsyncScope (node:async_hooks:226:14)
    Test.run (node:internal/test_runner/test:1201:25)
    Test.processPendingSubtests (node:internal/test_runner/test:831:18)
    Test.postRun (node:internal/test_runner/test:1330:19)
    Test.run (node:internal/test_runner/test:1258:12)
    async Test.processPendingSubtests (node:internal/test_runner/test:831:7)
  ...
# Subtest: cart
    # Subtest: empty cart
    ok 1 - empty cart
      ---
      duration_ms: 0.042041
      type: 'test'
      ...
    # Subtest: full cart
    ok 2 - full cart
      ---
      duration_ms: 0.030916
      type: 'test'
      ...
    1..2
ok 5 - cart
  ---
  duration_ms: 0.218584
  type: 'test'
  ...
1..5
# tests 7
# suites 0
# pass 4
# fail 1
# cancelled 0
# skipped 1
# todo 1
# duration_ms 72.556458
